Created: Sun Sep 20 2026

###########################################
############ ZED SDK VERSION #############
###########################################

ZED SDK Version (Diag): 5.4.1
ZED SDK Version (RT): 5.4.1

###########################################
############ Linux Uname #############
###########################################

Linux nds02-desktop 5.15.148-tegra #1 SMP PREEMPT Thu Jul 3 08:03:36 UTC 2025 aarch64 aarch64 aarch64 GNU/Linux

###########################################
############ DMESG [ZEDX] LOG #############
###########################################

[   15.109333] sl_max9296 10-0048: sl_max9296_get_cam: zedx camera identified via eeprom
[   15.109345] sl_max9296 10-0048: sl_max9296_probe: zedx camera connected to this port
[   16.569909] sl_max9295 10-0062: probe_serializer: Serializer for zedx detect success
[   16.589316] zedx 10-0020: Driver Version : v1.4.3
[   16.589568] zedx 10-0020: tegracam sensor driver:video2_v2.0.6
[   16.823098] tegra-camrtc-capture-vi tegra-capture-vi: subdev zedx 10-0020 bound
[   16.824610] zedx 10-0020: ZED-X sensor initialisation done
[   16.945611] zedx 10-0020: zedx_probe: Serial Number : 59769306
[   16.945672] zedx 10-0020: zedx_probe: success
[   16.946216] zedx 10-0028: Driver Version : v1.4.3
[   16.946400] zedx 10-0028: tegracam sensor driver:video0_v2.0.6
[   17.183288] tegra-camrtc-capture-vi tegra-capture-vi: subdev zedx 10-0028 bound
[   17.184410] zedx 10-0028: ZED-X sensor initialisation done
[   17.305236] zedx 10-0028: zedx_probe: Serial Number : 59769306
[   17.305303] zedx 10-0028: zedx_probe: success

###########################################
############ DMESG [MAX9x] LOG #############
###########################################

[   13.808350] sl_max9296 9-0048: Driver Version : v1.4.3
[   13.811490] sl_max9296 9-0048: write_reg_Dser: addr = 0x10, val = 0x80
[   13.917688] sl_max9296 9-0048: write_reg_Dser: addr = 0x10, val = 0x21
[   13.917776] sl_max9296: probe of 9-0048 failed with error -1
[   13.917862] sl_max9296 10-0048: Driver Version : v1.4.3
[   13.920154] sl_max9296 10-0048: write_reg_Dser: addr = 0x10, val = 0x80
[   15.109333] sl_max9296 10-0048: sl_max9296_get_cam: zedx camera identified via eeprom
[   15.109343] sl_max9296 10-0048: sl_max9296_probe: Camera connected to GMSL port 0
[   15.109345] sl_max9296 10-0048: sl_max9296_probe: zedx camera connected to this port
[   15.285196] sl_max9296 10-0048: sl_max9296_probe: camera pipeline operational
[   16.237758] sl_max9296 10-0048: No camera found on gmsl 1
[   16.345001] sl_max9296 10-0048: sl_max9296_probe: success 
[   16.353172] sl_max9295 10-0062: Driver Version : v1.4.3
[   16.568949] sl_max9295 10-0062: probe_serializer: Serializer pipeline operational
[   16.569909] sl_max9295 10-0062: probe_serializer: Serializer for zedx detect success

###########################################
############ DMESG [PCA] LOG #############
###########################################


###########################################
############ DMESG [DTS] LOG #############
###########################################


###########################################
############ DTB list original  ###########
###########################################

/boot/dtb/kernel_tegra234-p3768-0000+p3767-0005-nv-super.dtb

###########################################
############ DTB list SLabs     ###########
###########################################

board.py
extlinux.py
fio.py
Headers
Jetson
Linux
__pycache__
Utils
zlconfig

###########################################
############ EXTlinux file      ###########
###########################################

TIMEOUT 30
DEFAULT Stereolabs

MENU TITLE L4T boot options

LABEL primary
      MENU LABEL primary kernel
      LINUX /boot/arducam/Image
      INITRD /boot/initrd
      APPEND ${cbootargs} root=PARTUUID=49f845f3-3e37-4158-bc58-56c0f9930f7d rw rootwait rootfstype=ext4 mminit_loglevel=4 console=ttyTCU0,115200 firmware_class.path=/etc/firmware fbcon=map:0 video=efifb:off console=tty0


# When testing a custom kernel, it is recommended that you create a backup of
# the original kernel and add a new entry to this file so that the device can
# fallback to the original kernel. To do this:
#
# 1, Make a backup of the original kernel
#      sudo cp /boot/Image /boot/Image.backup
#
# 2, Copy your custom kernel into /boot/Image
#
# 3, Uncomment below menu setting lines for the original kernel
#
# 4, Reboot

# LABEL backup
#    MENU LABEL backup kernel
#    LINUX /boot/Image.backup
#    INITRD /boot/initrd
#    APPEND ${cbootargs}
LABEL JetsonIO
	MENU LABEL Custom Header Config: <CSI Camera IMX519 Dual>
	LINUX /boot/arducam/Image
	FDT /boot/arducam/dts/dtb/tegra234-p3768-0000+p3767-0005-nv-super.dtb
	INITRD /boot/initrd
	APPEND ${cbootargs} root=PARTUUID=49f845f3-3e37-4158-bc58-56c0f9930f7d rw rootwait rootfstype=ext4 mminit_loglevel=4 console=ttyTCU0,115200 firmware_class.path=/etc/firmware fbcon=map:0 video=efifb:off console=tty0
	OVERLAYS /boot/arducam/dts/tegra234-p3767-camera-p3768-imx519-dual.dtbo

LABEL Stereolabs
	MENU LABEL Stereolabs kernel
	LINUX /boot/arducam/Image
	FDT /boot/dtb/kernel_tegra234-p3768-0000+p3767-0005-nv-super.dtb
	INITRD /boot/initrd
	APPEND ${cbootargs} root=PARTUUID=49f845f3-3e37-4158-bc58-56c0f9930f7d rw rootwait rootfstype=ext4 mminit_loglevel=4 console=ttyTCU0,115200 firmware_class.path=/etc/firmware fbcon=map:0 video=efifb:off console=tty0
	OVERLAYS /boot/tegra234-p3768-camera-zedlink-mono-sl-overlay.dtbo


###########################################
############ Jetpack      ###########
###########################################

# R36 (release), REVISION: 4.7, GCID: 42132812, BOARD: generic, EABI: aarch64, DATE: Thu Sep 18 22:54:44 UTC 2025
# KERNEL_VARIANT: oot
TARGET_USERSPACE_LIB_DIR=nvidia
TARGET_USERSPACE_LIB_DIR_PATH=usr/lib/aarch64-linux-gnu/nvidia

###########################################
############ Dpkg list      ###########
###########################################

ii  stereolabs-zedlink-mono                           1.4.3-SL-MAX9296-L4T36.4.0                       arm64        NVIDIA Kernel DTB Modified Package by Stereolabs


####################################
############ Driver list ###########
####################################

/usr/lib/modules/5.15.148-tegra/kernel/drivers/stereolabs/max9296/sl_max9296.ko==> exists
/usr/lib/modules/5.15.148-tegra/kernel/drivers/stereolabs/zedx/sl_zedx.ko==> exists
/usr/lib/modules/5.15.148-tegra/kernel/drivers/stereolabs/zedone4k/sl_zedxone_uhd.ko==> exists
/usr/lib/modules/5.15.148-tegra/kernel/drivers/stereolabs/max9295/sl_max9295.ko==> exists

################################################
############ ZEDX Daemon Status LS #############
################################################

● zed_x_daemon.service - ZED-X Daemon service
     Loaded: loaded (/etc/systemd/system/zed_x_daemon.service; enabled; vendor preset: enabled)
     Active: active (running) since Sun 2026-09-20 13:05:30 EDT; 1h 41min ago
   Main PID: 2037 (ZEDX_Daemon)
      Tasks: 5 (limit: 8809)
     Memory: 1.3M
        CPU: 1.013s
     CGroup: /system.slice/zed_x_daemon.service
             └─2037 /usr/sbin/ZEDX_Daemon

Sep 20 13:05:30 nds02-desktop systemd[1]: Started ZED-X Daemon service.


################################################
############ ZEDX Driver State     #############
################################################

Note : If the following drivers has a id-state <0, reboot is required

sl_zedxone_uhd         40960  0
sl_zedx                36864  0
sl_zedxhdr             24576  0
sl_max9295             16384  3 sl_zedxhdr,sl_zedxone_uhd,sl_zedx
sl_max9296             32768  4 sl_zedxhdr,sl_zedxone_uhd,sl_max9295,sl_zedx
tegra_camera          217088  6 nvhost_isp5,nvhost_nvcsi_t194,sl_zedxhdr,sl_zedxone_uhd,nvhost_vi5,sl_zedx
videodev              249856  7 v4l2_async,sl_zedxhdr,videobuf2_v4l2,tegra_camera,sl_zedxone_uhd,videobuf2_common,sl_zedx

################################################
############ I2C Trace  [-l]       #############
################################################

i2c-0	i2c       	3160000.i2c                     	I2C adapter
i2c-1	i2c       	c240000.i2c                     	I2C adapter
i2c-2	i2c       	3180000.i2c                     	I2C adapter
i2c-4	i2c       	Tegra BPMP I2C adapter          	I2C adapter
i2c-5	i2c       	31b0000.i2c                     	I2C adapter
i2c-7	i2c       	c250000.i2c                     	I2C adapter
i2c-9	i2c       	i2c-2-mux (chan_id 1)           	I2C adapter
i2c-10	i2c       	i2c-2-mux (chan_id 0)           	I2C adapter
i2c-11	i2c       	NVIDIA SOC i2c adapter 0        	I2C adapter

################################################
############ I2C Trace /dev/i2C-0 #############
################################################

     0  1  2  3  4  5  6  7  8  9  a  b  c  d  e  f
00:                         -- -- -- -- -- -- -- -- 
10: -- -- -- -- -- -- -- -- -- -- -- -- -- -- -- -- 
20: -- -- -- -- -- -- -- -- -- -- -- -- -- -- -- -- 
30: -- -- -- -- -- -- -- -- -- -- -- -- -- -- -- -- 
40: -- -- -- -- -- -- -- -- -- -- -- -- -- -- -- -- 
50: UU -- -- -- -- -- -- UU -- -- -- -- -- -- -- -- 
60: -- -- -- -- -- -- -- -- -- -- -- -- -- -- -- -- 
70: -- -- -- -- -- -- -- --                         

################################################
############ I2C Trace /dev/i2C-1 #############
################################################

     0  1  2  3  4  5  6  7  8  9  a  b  c  d  e  f
00:                         -- -- -- -- -- -- -- -- 
10: -- -- -- -- -- -- -- -- -- -- -- -- -- -- -- -- 
20: -- -- -- -- -- UU -- -- -- -- -- -- -- -- -- -- 
30: -- -- -- -- -- -- -- -- -- -- -- -- -- -- -- -- 
40: UU -- -- -- -- -- -- -- -- -- -- -- -- -- -- -- 
50: -- -- -- -- -- -- -- -- -- -- -- -- -- -- -- -- 
60: -- -- -- -- -- -- -- -- -- -- -- -- -- -- -- -- 
70: -- -- -- -- -- -- -- --                         

################################################
############ I2C Trace /dev/i2C-2 #############
################################################

     0  1  2  3  4  5  6  7  8  9  a  b  c  d  e  f
00:                         -- -- -- -- -- -- -- -- 
10: -- -- -- -- -- -- -- -- -- 19 -- -- -- -- -- -- 
20: UU -- -- -- -- -- -- -- UU -- -- -- -- -- -- -- 
30: -- -- -- -- -- -- -- -- -- -- -- UU 3c -- -- -- 
40: -- -- -- -- -- -- -- -- UU 49 -- -- -- -- -- -- 
50: -- -- -- -- 54 55 -- -- -- -- -- -- 5c 5d -- -- 
60: -- -- UU -- -- -- -- -- -- 69 -- -- -- -- -- -- 
70: -- -- -- -- -- -- -- --                         

>> No bus available at index 3
>> No bus available at index 6
################################################
############ I2C Trace /dev/i2C-7 #############
################################################

     0  1  2  3  4  5  6  7  8  9  a  b  c  d  e  f
00:                         -- -- -- -- -- -- -- -- 
10: -- -- -- -- -- -- -- -- -- -- -- -- -- -- -- -- 
20: -- -- -- -- -- -- -- -- -- -- -- -- -- -- -- -- 
30: -- -- -- -- -- -- -- -- -- -- -- -- -- -- -- -- 
40: -- -- -- -- -- -- -- -- -- -- -- -- -- -- -- -- 
50: -- -- -- -- -- -- -- -- -- -- -- -- -- -- -- -- 
60: -- -- -- -- -- -- -- -- -- -- -- -- -- -- -- -- 
70: -- -- -- -- -- -- -- --                         

>> No bus available at index 8
################################################
############ I2C Trace /dev/i2C-9 #############
################################################

     0  1  2  3  4  5  6  7  8  9  a  b  c  d  e  f
00:                         -- -- -- -- -- -- -- -- 
10: -- -- -- -- -- -- -- -- -- -- -- -- -- -- -- -- 
20: -- -- -- -- -- -- -- -- -- -- -- -- -- -- -- -- 
30: -- -- -- -- -- -- -- -- -- -- -- -- -- -- -- -- 
40: -- -- -- -- -- -- -- -- -- -- -- -- -- -- -- -- 
50: -- -- -- -- -- -- -- -- -- -- -- -- -- -- -- -- 
60: -- -- -- -- -- -- -- -- -- -- -- -- -- -- -- -- 
70: -- -- -- -- -- -- -- --                         

################################################
############ I2C Trace /dev/i2C-10 #############
################################################

     0  1  2  3  4  5  6  7  8  9  a  b  c  d  e  f
00:                         -- -- -- -- -- -- -- -- 
10: -- -- -- -- -- -- -- -- -- 19 -- -- -- -- -- -- 
20: UU -- -- -- -- -- -- -- UU -- -- -- -- -- -- -- 
30: -- -- -- -- -- -- -- -- -- -- -- UU 3c -- -- -- 
40: -- -- -- -- -- -- -- -- UU 49 -- -- -- -- -- -- 
50: -- -- -- -- 54 55 -- -- -- -- -- -- 5c 5d -- -- 
60: -- -- UU -- -- -- -- -- -- 69 -- -- -- -- -- -- 
70: -- -- -- -- -- -- -- --                         

################################################
############ I2C Trace /dev/i2C-11 #############
################################################

Error: Bus doesn't support detection commands

>> No bus available at index 12
>> No bus available at index 13
>> No bus available at index 14
>> No bus available at index 15
>> No bus available at index 16
>> No bus available at index 30
>> No bus available at index 31
>> No bus available at index 32
>> No bus available at index 33
>> No bus available at index 34
>> No bus available at index 35
>> No bus available at index 36
>> No bus available at index 37
>> No bus available at index 38
>> No bus available at index 39
>> No bus available at index 40
